1, 200, 50, 33, 1, 103, 92
2, 200, 200, 44, 2, 101, 12
3, 100, 105, 44, 3, 102, 52
4, 100, 50, 11, 4, 104, 27
1, 200, 50, 33, 1, 102, 82
1, 200, 50, 33, 1, 101, 75
