1, 200, 50, 33, 101, 2, 3
4, 100, 50, 11, 101, 2, 3
1, 200, 50, 33, 102, 3, 4
4, 100, 50, 11, 102, 3, 4
1, 200, 50, 33, 104, 104, 2
4, 100, 50, 11, 104, 104, 2
1, 200, 50, 33, 103, 1, 1
4, 100, 50, 11, 103, 1, 1
1, 200, 50, 33, 107, 2, 8
3, 100, 105, 44, 107, 2, 8
4, 100, 50, 11, 107, 2, 8
